<html>
<body>
<pre>
<h1>µVision Build Log</h1>
<h2>Tool Versions:</h2>
IDE-Version: ¦ÌVision V5.23.0.0
Copyright (C) 2017 ARM Ltd and ARM Germany GmbH. All rights reserved.
License Information: 1 1, 1, LIC=CRMZ9-45RTT-PHH89-4BP8D-HRE7S-8ZXYD
 
Tool Versions:
Toolchain:       MDK-ARM Professional  Version: 5.23
Toolchain Path:  C:\Keil\ARM\ARMCC\Bin
C Compiler:      Armcc.exe V5.06 update 4 (build 422)
Assembler:       Armasm.exe V5.06 update 4 (build 422)
Linker/Locator:  ArmLink.exe V5.06 update 4 (build 422)
Library Manager: ArmAr.exe V5.06 update 4 (build 422)
Hex Converter:   FromElf.exe V5.06 update 4 (build 422)
CPU DLL:         SARMCM3.DLL V5.23
Dialog DLL:      DCM.DLL V1.15.0.0
Target DLL:      Segger\JL2CM3.dll V2.99.23.0
Dialog DLL:      TCM.DLL V1.27.0.0
 
<h2>Project:</h2>
D:\STM32F1\Pizza\Project\PizzaV1.uvprojx
Project File Date:  09/18/2018

<h2>Output:</h2>
*** Using Compiler 'V5.06 update 4 (build 422)', folder: 'C:\Keil\ARM\ARMCC\Bin'
Rebuild target 'Pizza'
assembling startup_stm32f10x_hd.s...
compiling main.cpp...
compiling system_stm32f10x.c...
compiling AppConfig.cpp...
compiling Flash.cpp...
compiling core_cm3.c...
compiling ScanQRCodeUart.cpp...
compiling PCUart.cpp...
compiling MDBUart.cpp...
compiling PositionSwitch.cpp...
compiling Motor.cpp...
compiling ElevatorMotor.cpp...
compiling RotationMotor.cpp...
compiling CurrentSense.cpp...
compiling DS18B20.cpp...
compiling MessageQueue.cpp...
compiling Mutex.cpp...
compiling MainThread.cpp...
compiling BaseMessage.cpp...
compiling AsyncMessage.cpp...
compiling DeliveryThread.cpp...
compiling Thread.cpp...
compiling PCMessage.cpp...
compiling MDBMessage.cpp...
compiling ScanQRCodeMessage.cpp...
compiling BaseFormat.cpp...
compiling ByteArray.cpp...
compiling BaseOutput.cpp...
compiling Logger.cpp...
compiling String.cpp...
compiling RTX_Config.c...
compiling rtx_lib.c...
linking...
Program Size: Code=12136 RO-data=676 RW-data=5664 ZI-data=5120  
".\Objects\PizzaV1.axf" - 0 Error(s), 0 Warning(s).

<h2>Software Packages used:</h2>

Package Vendor: ARM
                http://www.keil.com/pack/ARM.CMSIS.5.0.1.pack
                ::CMSIS:RTOS2:2.1.0 (API)
                CMSIS (Cortex Microcontroller Software Interface Standard)
   * Component: RTOS2 Version: 2.1.0
   * Component: Keil RTX5 Variant: Library Version: 5.1.0
   * Component: CORE Version: 5.0.1

<h2>Collection of Component include folders:</h2>
  .\RTE\CMSIS
  .\RTE\_Pizza
  C:\Keil\ARM\PACK\ARM\CMSIS\5.0.1\CMSIS\Include
  C:\Keil\ARM\PACK\ARM\CMSIS\5.0.1\CMSIS\RTOS2\Include
  C:\Keil\ARM\PACK\ARM\CMSIS\5.0.1\CMSIS\RTOS2\RTX\Include
  C:\Keil\ARM\PACK\Keil\STM32F1xx_DFP\2.0.0\Device\Include

<h2>Collection of Component Files used:</h2>

   * Component: ::CMSIS:RTOS2:2.1.0 (API)
      Include file:  CMSIS\RTOS2\Include\cmsis_os2.h

   * Component: ARM::CMSIS:RTOS2:Keil RTX5:Library:5.1.0
      Include file:  CMSIS\RTOS2\RTX\Include\rtx_os.h
      Include file:  CMSIS\RTOS2\RTX\Config\RTX_Config.h
      Source file:   CMSIS\RTOS2\RTX\Config\RTX_Config.c
      Source file:   CMSIS\RTOS2\RTX\Template\main.c
      Source file:   CMSIS\RTOS2\RTX\Template\Events.c
      Source file:   CMSIS\RTOS2\RTX\Template\MsgQueue.c
      Source file:   CMSIS\RTOS2\RTX\Template\Mutex.c
      Source file:   CMSIS\RTOS2\RTX\Source\rtx_lib.c
      Library file:  CMSIS\RTOS2\RTX\Library\ARM\RTX_CM3.lib
      Source file:   CMSIS\RTOS2\RTX\Template\Semaphore.c
      Source file:   CMSIS\RTOS2\RTX\Template\Timer.c
      Source file:   CMSIS\RTOS2\RTX\Template\Thread.c
      Source file:   CMSIS\RTOS2\RTX\Template\MemPool.c

   * Component: ARM::CMSIS:CORE:5.0.1
Build Time Elapsed:  00:00:18
</pre>
</body>
</html>
